🚀 CDL Comprehensive Test Runner
Database: https://dljvplrbjogncwrpmfsj.supabase.co
Time: 8/14/2026, 4:56:28 PM


═══ SITES ═══
  ✅ 11 sites found
  ℹ   1. Aura Peponi (residential)
  ℹ   2. Aura Riverside (residential)
  ℹ   3. Miotoni (Karen) (residential)
  ℹ   4. SBC (residential)
  ℹ   5. EL-Signature (residential)
  ℹ   6. OKAS (residential)
  ℹ   7. Altura (Upper Hill) (commercial)
  ℹ   8. Whispering Oaks (Karen) (residential)
  ℹ   9. Enchanting Oaks (residential)
  ℹ   10. Nyari (residential)
  ℹ   11. Central Store (GRS/Mlolongo) (warehouse)

═══ USERS ═══
  ✅ 48 users found
  ℹ   AM-FLOW-1780342274392 | asset_manager | am.FLOW-1780342274392@test.com | active:true
  ℹ   AM-FLOW-1780343102443 | asset_manager | am.FLOW-1780343102443@test.com | active:true
  ℹ   AM-FLOW-1780344287285 | asset_manager | am.FLOW-1780344287285@test.com | active:true
  ℹ   Asset Manager | asset_manager | am@canaan.co.ke | active:true
  ℹ   CEO Canaan | ceo | ceo@canaan.co.ke | active:true
  ℹ   Company Owner | ceo | owner@canaan.co.ke | active:true
  ℹ   Data Holder | data_holder | dh@canaan.co.ke | active:true
  ℹ   Delete Me | supervisor | delete.me@canaan.co.ke | active:true
  ℹ   Engineer | engineer | eng@canaan.co.ke | active:true
  ℹ   Finance Officer | finance | finance@canaan.co.ke | active:true
  ℹ   John Supervisor | supervisor | john.sup.live@canaan.co.ke | active:true
  ℹ   Kebron Isaias | admin | admin@canaan.co.ke | active:true
  ℹ   Office Manager | office_manager | om@canaan.co.ke | active:true
  ℹ   Playwright Test User | engineer | playwright.test.1780035005900@canaan.co.ke | active:true
  ℹ   Procurement Officer | procurement_officer | po@canaan.co.ke | active:true
  ℹ   Project Manager 1 | project_manager | pm1@canaan.co.ke | active:true
  ℹ   Project Manager 2 | project_manager | pm2@canaan.co.ke | active:true
  ℹ   Site Overseer | site_overseer | so@canaan.co.ke | active:true
  ℹ   SK-FLOW-1780342274392 | storekeeper_local | sk.FLOW-1780342274392@test.com | active:true
  ℹ   SK-FLOW-1780343102443 | storekeeper_local | sk.FLOW-1780343102443@test.com | active:true
  ℹ   SK-FLOW-1780343671796 | storekeeper_local | sk.FLOW-1780343671796@test.com | active:true
  ℹ   SK-FLOW-1780344287285 | storekeeper_local | sk.FLOW-1780344287285@test.com | active:true
  ℹ   Store Manager | store_manager | sm@canaan.co.ke | active:true
  ℹ   Storekeeper Import | storekeeper_import | sk.import@canaan.co.ke | active:true
  ℹ   Storekeeper Local | storekeeper_local | sk.local@canaan.co.ke | active:true
  ℹ   Storekeeper Scaffolding | storekeeper_scaffolding | sk.scaff@canaan.co.ke | active:true
  ℹ   Supervisor One | supervisor | sup1@canaan.co.ke | active:true
  ℹ   SV-FLOW-1780342274392 | supervisor | sv.FLOW-1780342274392@test.com | active:true
  ℹ   SV-FLOW-1780343102443 | supervisor | sv.FLOW-1780343102443@test.com | active:true
  ℹ   SV-FLOW-1780343671796 | supervisor | sv.FLOW-1780343671796@test.com | active:true
  ℹ   SV-FLOW-1780344287285 | supervisor | sv.FLOW-1780344287285@test.com | active:true
  ℹ   Test PM | project_manager | pm_test_1778981349263@test.com | active:true
  ℹ   Test PM | project_manager | pm_test_1778981280674@test.com | active:true
  ℹ   Test PM | project_manager | pm_test_1778981428602@test.com | active:true
  ℹ   Test Storekeeper | storekeeper_local | sk_test_1778981351158@test.com | active:true
  ℹ   Test Storekeeper | storekeeper_local | sk_test_1778981430606@test.com | active:true
  ℹ   Test Storekeeper | storekeeper_local | sk_test_1778981282967@test.com | active:true
  ℹ   Test Supervisor | engineer | sv_test_1778981429653@test.com | active:true
  ℹ   Test Supervisor | engineer | sv_test_1778981350241@test.com | active:true
  ℹ   Test Supervisor | engineer | sv_test_1778981282156@test.com | active:true
  ℹ   Test Supervisor | supervisor | test.sup2@canaan.co.ke | active:true
  ℹ   Test User | supervisor | test.sup@canaan.co.ke | active:true
  ℹ   TestSK-E2E-1780318172594 | storekeeper_local | sk.E2E-1780318172594@test.com | active:true
  ℹ   TestSV-E2E-1780318172594 | supervisor | sv.E2E-1780318172594@test.com | active:true
  ℹ   Transfer Officer | transfer_officer | to@canaan.co.ke | active:true
  ℹ   UI Test PM | project_manager | uipm@test.com | active:true
  ℹ   UI Test SK | storekeeper_local | uisk@test.com | active:true
  ℹ   UI Test SV | engineer | uisv@test.com | active:true

═══ ALL ROLE LOGINS ═══
  ✅ Login Company Owner (owner@canaan.co.ke) — OK
  ✅ Login CEO (ceo@canaan.co.ke) — OK
  ✅ Login Asset Manager (am@canaan.co.ke) — OK
  ✅ Login PM1 (pm1@canaan.co.ke) — OK
  ✅ Login PM2 (pm2@canaan.co.ke) — OK
  ✅ Login Engineer (eng@canaan.co.ke) — OK
  ✅ Login Storekeeper Local (sk.local@canaan.co.ke) — OK
  ✅ Login Storekeeper Import (sk.import@canaan.co.ke) — OK
  ✅ Login Storekeeper Scaff (sk.scaff@canaan.co.ke) — OK
  ✅ Login Store Manager (sm@canaan.co.ke) — OK
  ✅ Login Finance (finance@canaan.co.ke) — OK
  ✅ Login Procurement Officer (po@canaan.co.ke) — OK
  ✅ Login Transfer Officer (to@canaan.co.ke) — OK
  ✅ Login Data Holder (dh@canaan.co.ke) — OK
  ✅ Login Site Overseer (so@canaan.co.ke) — OK
  ✅ Login Admin (admin@canaan.co.ke) — OK
  ✅ Login Office Manager (om@canaan.co.ke) — OK

═══ STOCK DATA ═══
  ✅ 256 stock items
  ℹ   Types: local, imported, scaffolding
  ℹ   Sites: 1, 2, 3, 4, 5, 6, 7, 8, 9, 10, 11
  ℹ   Total value: KES 34,636,925

═══ SEEDING STOCK (if needed) ═══
  ⊘ Stock already seeded with sufficient items

═══ MATERIAL REQUEST FLOW ═══
  ℹ Step 1: Engineer creates material request
  ✅ Request created: a64544dd-f7b6-40fb-9387-296f57f08f9a
  ℹ   pending: 65 requests
  ℹ   pm_approved: 9 requests
  ℹ   issued: 8 requests
  ℹ   collected: 2 requests
  ℹ Step 2: PM approves request
  ✅ PM approved request
  ✅ Storekeeper has 1 notification(s): "📋 New Material Request"
  ℹ Step 3: Storekeeper issues material
  ℹ   Stock before issue: 75 Bags
  ✅ Request issued by storekeeper
  ✅ Stock deducted: 75 → 50 Bags
  ℹ Step 4: Mark as collected
  ✅ Request marked collected
  ℹ   pending: 64 requests
  ℹ   pm_approved: 9 requests
  ℹ   issued: 8 requests
  ℹ   collected: 3 requests

═══ TRANSFER FLOW ═══
  ℹ Step 1: PM1 creates transfer request (Site 1 → Site 2)
  ✅ Transfer created: 76111502-d76d-4065-82e9-1888a157ec1d
  ℹ Step 2: Source PM approves
  ✅   → source_pm_approved by Project Manager 1
  ℹ Step 3: Dest PM approves
  ✅   → dest_pm_approved by Project Manager 2
  ℹ Step 4: Asset Manager approves
  ✅   → am_approved by Asset Manager
  ✅ Transfer status: am_approved
  ℹ   Steps: 4

═══ GRN WORKFLOW ═══
  ℹ Step 1: Storekeeper creates GRN
  ✅ GRN created: ed73e4f3-fd86-47dd-8d1f-5f24e59a2835
  ℹ Step 2: Store Manager verifies GRN
  ✅ GRN verified by Store Manager
  ✅ Stock quantity: 50 Bags (after GRN verification)

═══ INCIDENT WORKFLOW ═══
  ℹ Step 1: Storekeeper reports incident
  ✅ Incident reported: 891a3668-0784-439c-a728-99edd917211c
  ℹ Step 2: PM resolves incident
  ✅ Incident resolved by PM

═══ PROCUREMENT FLOW ═══
  ℹ Step 1: PM creates procurement request
  ✅ Procurement created: ab5e31d2-cd5d-411b-bafc-bc06e273593e
  ℹ Step 2: PM approves
  ✅   → pm_approved by Project Manager 1
  ℹ Step 3: AM approves
  ✅   → am_approved by Asset Manager
  ℹ Step 4: Finance approves
  ✅   → finance_approved by Finance Officer
  ℹ Step 5: Procurement Officer processes
  ✅   → processing by Procurement Officer
  ✅ Procurement status: processing
  ℹ   Approval chain: 4 steps

═══ AUDIT LOG ═══
  ✅ 20 recent audit entries
  ℹ   user_login (auth) by Kebron Isaias
  ℹ   user_login (auth) by Kebron Isaias
  ℹ   user_login (auth) by Kebron Isaias
  ℹ   user_login (auth) by Finance Officer
  ℹ   user_login (auth) by CEO Canaan

═══ NOTIFICATIONS ═══
  ✅ 9 notifications
  ℹ   "📋 New Material Request" (request)
  ℹ   "📋 New Material Request" (request)
  ℹ   "📋 New Material Request" (request)
  ℹ   "📋 New Material Request" (request)
  ℹ   "✅ Approved (modified): "FlexGrout (Modified)"" (material_approval)

═══════════════════════════════════════
📊 RESULTS: 44 passed, 0 failed, 1 skipped
🎉 ALL TESTS PASSED!